OK no tracked forbidden release artifacts
OK local-only xcconfig keeps shared tag cloud disabled
OK local-only xcconfig contains no Supabase values
OK iOS privacy manifest is valid and has required-reason entries or no detected covered API usage: ios/URLSaveriOS/PrivacyInfo.xcprivacy
OK iOS privacy manifest is valid and has required-reason entries or no detected covered API usage: ios/URLSaverShareExtension/PrivacyInfo.xcprivacy
✔ ordinary implicit access token fragments are scrubbed and rejected before SDK initialization (97.675625ms)
✔ tokenless reset visits remain explicit errors without rewriting the clean URL (5.444125ms)
✔ implicit recovery requires type and both tokens, uses a memory-only session, and initializes once (11.804042ms)
✔ PKCE accepts code only and removes credentials before SDK initialization (2.064334ms)
✔ invalid or expired structurally valid recovery is scrubbed and stays in the explicit error state (39.685334ms)
✔ a non-recovery implicit fragment is rejected even when both tokens exist (42.369708ms)
✔ SDK load timeout fails closed after scrubbing and ignores a late load (104.343083ms)
✔ exchange timeout fails closed and a late session cannot reveal the form (96.645875ms)
✔ setSession timeout fails closed and a late session cannot reveal the form (61.230291ms)
✔ an updateUser exception always re-enables submit and returns to reissue guidance (7.833875ms)
ℹ tests 10
ℹ suites 0
ℹ pass 10
ℹ fail 0
ℹ cancelled 0
ℹ skipped 0
ℹ todo 0
ℹ duration_ms 2288.684708
PASS reset route declares a CSP
PASS reset CSP allows only self and pinned SDK host scripts
PASS reset CSP allows self-hosted styles
PASS reset CSP cannot drift through inline hashes or unsafe directives
PASS reset page has no inline style block
PASS reset page declares scripts explicitly
PASS reset page has no inline executable script
PASS reset SDK keeps SRI and anonymous CORS
PASS reset rejects tokenless links before loading the SDK
PASS reset accepts only recovery implicit fragments
PASS reset requires both implicit recovery tokens
PASS reset recovery session is memory-only
PASS reset disables SDK URL auto-detection
PASS reset removes recovery credentials after session establishment
PASS reset shares one initialization promise
PASS reset stylesheet exists
PASS reset JavaScript exists
PASS invite route declares a CSP
PASS invite CSP uses self-hosted code
PASS invite page has no inline style block
PASS invite page declares scripts explicitly
PASS invite page has no inline executable script
PASS invite fallback contains https://apps.apple.com/app/id6771251450
PASS invite fallback contains https://play.google.com/store/apps/details?id=jp.miyamibu.urlalbum
PASS invite fallback contains 招待リンクをコピー
PASS invite fallback contains このページに戻ります
PASS invite page does not auto-open the app
PASS public user-facing pages use the りんばむ brand
PASS reset recovery runtime contract passes
PASS reset route responds HTTP 200 locally
PASS reset response carries exact CSP
PASS reset rewrite serves the branded page
PASS reset JavaScript asset responds
PASS reset asset carries exact CSP
PASS invite route responds HTTP 200 locally
PASS invite response carries exact CSP
PASS invite rewrite serves recovery controls
PASS invite JavaScript asset is not shadowed by rewrite
PASS public web contract verification
OK public reset/invite pages have matching strict CSP, recovery paths, and local responses
OK canonical Android applicationId is configured
OK release ADS_ENABLED=false is configured
OK release source has no Google Mobile Ads dependency or type reference
OK release manifest removes debug/ad-only declarations
OK release manifest matches Android/iOS sources, migration head, and release documents
OK release manifest matches Android/iOS sources, migration head, and current release docs
OK machine-readable release manifest exists
OK current release readiness checklist exists
OK release hygiene checks passed
