PASS admin inputs/selects use the control border token
PASS admin keyboard focus covers all form controls
PASS admin focus ring has a visible 3px outline
PASS admin has a Forced Colors override
PASS admin Forced Colors uses system colors
PASS admin control boundary on white: 3.65:1 >= 3.0:1
PASS admin focus ring on white: 5.17:1 >= 3.0:1
PASS admin focus ring on page background: 4.83:1 >= 3.0:1
PASS admin success notice text: 5.20:1 >= 4.5:1
PASS admin error notice text: 6.05:1 >= 4.5:1
PASS admin sent status text: 6.59:1 >= 4.5:1
PASS admin delivered/redeemed/active status text: 6.49:1 >= 4.5:1
PASS admin delayed/suspended status text: 6.37:1 >= 4.5:1
PASS admin failed/revoked/expired status text: 6.89:1 >= 4.5:1
PASS admin neutral status text: 11.83:1 >= 4.5:1
PASS reset input uses the accessible control border token
PASS reset page has a Forced Colors override
PASS reset input boundary on white: 3.65:1 >= 3.0:1
PASS reset focus ring on white: 5.17:1 >= 3.0:1
PASS web UI contrast verification
